// Jest Snapshot v1, https://goo.gl/fbAQLP

exports[`Calculator renders the component 1`] = `
<div
  className="calcu"
>
  <h1
    className="calcu-h1"
  >
    Let's do some math!
  </h1>
  <div
    className="calculator-wrap"
  >
    <div
      className="calculator-display"
    >
      0
    </div>
    <div
      className="calculator-keypads"
    >
      <button
        className="key1"
        onClick={[Function]}
        type="button"
      >
        AC
      </button>
      <button
        className="key2"
        onClick={[Function]}
        type="button"
      >
        +/-
      </button>
      <button
        className="key3"
        onClick={[Function]}
        type="button"
      >
        %
      </button>
      <button
        className="key4"
        onClick={[Function]}
        type="button"
      >
        รท
      </button>
      <button
        className="key5"
        onClick={[Function]}
        type="button"
      >
        7
      </button>
      <button
        onClick={[Function]}
        type="button"
      >
        8
      </button>
      <button
        onClick={[Function]}
        type="button"
      >
        9
      </button>
      <button
        className="key8"
        onClick={[Function]}
        type="button"
      >
        x
      </button>
      <button
        onClick={[Function]}
        type="button"
      >
        4
      </button>
      <button
        onClick={[Function]}
        type="button"
      >
        5
      </button>
      <button
        onClick={[Function]}
        type="button"
      >
        6
      </button>
      <button
        className="key12"
        onClick={[Function]}
        type="button"
      >
        -
      </button>
      <button
        onClick={[Function]}
        type="button"
      >
        1
      </button>
      <button
        onClick={[Function]}
        type="button"
      >
        2
      </button>
      <button
        onClick={[Function]}
        type="button"
      >
        3
      </button>
      <button
        className="key12"
        onClick={[Function]}
        type="button"
      >
        +
      </button>
      <button
        className="key17"
        onClick={[Function]}
        type="button"
      >
        0
      </button>
      <button
        onClick={[Function]}
        type="button"
      >
        .
      </button>
      <button
        className="key19"
        onClick={[Function]}
        type="button"
      >
        =
      </button>
    </div>
  </div>
</div>
`;
